
> nyasawave@0.1.0 build
> next build

Ôû▓ Next.js 16.1.1 (Turbopack)
- Environments: .env.local

ÔÜá The "middleware" file convention is deprecated. Please use "proxy" instead. Learn more: https://nextjs.org/docs/messages/middleware-to-proxy
  Creating an optimized production build ...
